<html>
<body>
<pre>
<h1>礦ision Build Log</h1>
<h2>Tool Versions:</h2>
IDE-Version: μVision V5.25.2.0
Copyright (C) 2018 ARM Ltd and ARM Germany GmbH. All rights reserved.
License Information: y yuan'shuai, sq, LIC=WHYH9-48M0W-12QLE-517H1-0QQ6K-KD0BQ
 
Tool Versions:
Toolchain:       MDK-ARM Plus  Version: 5.25.2.0
Toolchain Path:  D:\Keil_v5\ARM\ARMCC\Bin
C Compiler:      Armcc.exe V5.06 update 6 (build 750)
Assembler:       Armasm.exe V5.06 update 6 (build 750)
Linker/Locator:  ArmLink.exe V5.06 update 6 (build 750)
Library Manager: ArmAr.exe V5.06 update 6 (build 750)
Hex Converter:   FromElf.exe V5.06 update 6 (build 750)
CPU DLL:         SARMCM3.DLL V5.25.2.0
Dialog DLL:      DCM.DLL V1.17.1.0
Target DLL:      Segger\JL2CM3.dll V2.99.29.0
Dialog DLL:      TCM.DLL V1.35.1.0
 
<h2>Project:</h2>
E:\控制器开发\控制器开发\EB_Autosar等协议栈\OSEK_NM-master\OSEK_NM-master\App\keil\OSEKNM.uvprojx
Project File Date:  03/17/2022

<h2>Output:</h2>
*** Using Compiler 'V5.06 update 6 (build 750)', folder: 'D:\Keil_v5\ARM\ARMCC\Bin'
Build target 'OSEKNM'
compiling OsekNMServer.c...
assembling startup_stm32f40_41xxx.s...
compiling stm32f4xx_cryp_tdes.c...
compiling OsekNM.c...
..\..\OsekNM_core\OsekNM.c(100): warning:  #177-D: variable "NMTxFlag"  was declared but never referenced
  	NMTypeU8_t NMTxFlag = 0;//作为报文发送标志
..\..\OsekNM_core\OsekNM.c(386): warning:  #68-D: integer conversion resulted in a change of sign
  	return -1;
..\..\OsekNM_core\OsekNM.c(410): warning:  #68-D: integer conversion resulted in a change of sign
  	return -1;
..\..\OsekNM_core\OsekNM.c(795): warning:  #177-D: variable "NMTxFlag"  was declared but never referenced
  	NMTypeU8_t NMTxFlag = 0;
..\..\OsekNM_core\OsekNM.c: 4 warnings, 0 errors
compiling misc.c...
compiling stm32f4xx_cryp_des.c...
compiling stm32f4xx_crc.c...
compiling stm32f4xx_cec.c...
compiling stm32f4xx_dcmi.c...
compiling stm32f4xx_dbgmcu.c...
compiling stm32f4xx_cryp.c...
compiling stm32f4xx_adc.c...
compiling stm32f4xx_can.c...
compiling stm32f4xx_dac.c...
compiling stm32f4xx_dma.c...
compiling stm32f4xx_dfsdm.c...
compiling stm32f4xx_cryp_aes.c...
compiling stm32f4xx_dma2d.c...
compiling stm32f4xx_dsi.c...
compiling stm32f4xx_exti.c...
compiling stm32f4xx_fsmc.c...
compiling stm32f4xx_fmpi2c.c...
compiling stm32f4xx_lptim.c...
compiling stm32f4xx_i2c.c...
compiling stm32f4xx_hash_md5.c...
compiling stm32f4xx_gpio.c...
compiling stm32f4xx_flash_ramfunc.c...
compiling stm32f4xx_flash.c...
compiling stm32f4xx_hash.c...
compiling stm32f4xx_hash_sha1.c...
compiling stm32f4xx_iwdg.c...
compiling stm32f4xx_ltdc.c...
compiling stm32f4xx_pwr.c...
compiling stm32f4xx_rng.c...
compiling stm32f4xx_qspi.c...
compiling stm32f4xx_rcc.c...
compiling stm32f4xx_sai.c...
compiling stm32f4xx_rtc.c...
compiling sys.c...
compiling stm32f4xx_wwdg.c...
compiling stm32f4xx_syscfg.c...
compiling stm32f4xx_spdifrx.c...
compiling delay.c...
compiling stm32f4xx_sdio.c...
compiling stm32f4xx_usart.c...
compiling stm32f4xx_spi.c...
compiling usart.c...
compiling stm32f4xx_tim.c...
compiling stm32f4xx_it.c...
compiling system_stm32f4xx.c...
compiling Timer.c...
compiling Test.c...
compiling CAN.c...
compiling Driver_Common.c...
linking...
Program Size: Code=9450 RO-data=466 RW-data=80 ZI-data=2192  
FromELF: creating hex file...
".\Objects\OSEKNM.axf" - 0 Error(s), 4 Warning(s).

<h2>Software Packages used:</h2>

Package Vendor: Keil
                http://www.keil.com/pack/Keil.STM32F4xx_DFP.1.0.8.pack
                Keil.STM32F4xx_DFP.1.0.8
                STMicroelectronics STM32F4 Series Device Support, Drivers and Examples

<h2>Collection of Component include folders:</h2>
  .\RTE\_OSEKNM
  D:\Keil_v5\ARM\PACK\Keil\STM32F4xx_DFP\1.0.8\Device\Include

<h2>Collection of Component Files used:</h2>
Build Time Elapsed:  00:00:06
</pre>
</body>
</html>
